MPLINK 5.08, LINKER
Linker Map File - Created Mon Aug  7 14:42:34 2017

                                 Section Info
                  Section       Type    Address   Location Size(Bytes)
                ---------  ---------  ---------  ---------  ---------
                   .org_0       code   0x000000    program   0x000002
                   .cinit    romdata   0x000001    program   0x000004
                   .org_1       code   0x000004    program   0x00007c
.config_2007_BUILD/DEFAULT/PRODUCTION/METAL_D       code   0x002007    program   0x000002
                variables      udata   0x000040       data   0x000006



                              Program Memory Usage 
                               Start         End      
                           ---------   ---------      
                            0x000000    0x000002      
                            0x000004    0x000041      
                            0x002007    0x002007      
            66 out of 518 program addresses used, program memory utilization is 12%



                              Symbols - Sorted by Name
                     Name    Address   Location    Storage File                     
                ---------  ---------  ---------  --------- ---------                
             _.org_1_0041   0x000041    program     static /home/jacques/github/metal_detector/metal_detector.X/metal_detector.asm
                      abs   0x000018    program     static /home/jacques/github/metal_detector/metal_detector.X/metal_detector.asm
                    check   0x000012    program     static /home/jacques/github/metal_detector/metal_detector.X/metal_detector.asm
                clear_ram   0x00002a    program     static /home/jacques/github/metal_detector/metal_detector.X/metal_detector.asm
                     init   0x000028    program     static /home/jacques/github/metal_detector/metal_detector.X/metal_detector.asm
                      isr   0x000004    program     static /home/jacques/github/metal_detector/metal_detector.X/metal_detector.asm
                 isr_exit   0x000023    program     static /home/jacques/github/metal_detector/metal_detector.X/metal_detector.asm
                 negative   0x00000f    program     static /home/jacques/github/metal_detector/metal_detector.X/metal_detector.asm
                 no_sound   0x00001f    program     static /home/jacques/github/metal_detector/metal_detector.X/metal_detector.asm
                     null   0x00001e    program     static /home/jacques/github/metal_detector/metal_detector.X/metal_detector.asm
                 positive   0x000011    program     static /home/jacques/github/metal_detector/metal_detector.X/metal_detector.asm
                 save_run   0x000020    program     static /home/jacques/github/metal_detector/metal_detector.X/metal_detector.asm
                 tmr2_isr   0x000007    program     static /home/jacques/github/metal_detector/metal_detector.X/metal_detector.asm
                     last   0x000040       data     static /home/jacques/github/metal_detector/metal_detector.X/metal_detector.asm
                      run   0x000041       data     static /home/jacques/github/metal_detector/metal_detector.X/metal_detector.asm
                   s_temp   0x000045       data     static /home/jacques/github/metal_detector/metal_detector.X/metal_detector.asm
                    slope   0x000042       data     static /home/jacques/github/metal_detector/metal_detector.X/metal_detector.asm
                     temp   0x000043       data     static /home/jacques/github/metal_detector/metal_detector.X/metal_detector.asm
                   w_temp   0x000044       data     static /home/jacques/github/metal_detector/metal_detector.X/metal_detector.asm



                              Symbols - Sorted by Address
                     Name    Address   Location    Storage File                     
                ---------  ---------  ---------  --------- ---------                
                      isr   0x000004    program     static /home/jacques/github/metal_detector/metal_detector.X/metal_detector.asm
                 tmr2_isr   0x000007    program     static /home/jacques/github/metal_detector/metal_detector.X/metal_detector.asm
                 negative   0x00000f    program     static /home/jacques/github/metal_detector/metal_detector.X/metal_detector.asm
                 positive   0x000011    program     static /home/jacques/github/metal_detector/metal_detector.X/metal_detector.asm
                    check   0x000012    program     static /home/jacques/github/metal_detector/metal_detector.X/metal_detector.asm
                      abs   0x000018    program     static /home/jacques/github/metal_detector/metal_detector.X/metal_detector.asm
                     null   0x00001e    program     static /home/jacques/github/metal_detector/metal_detector.X/metal_detector.asm
                 no_sound   0x00001f    program     static /home/jacques/github/metal_detector/metal_detector.X/metal_detector.asm
                 save_run   0x000020    program     static /home/jacques/github/metal_detector/metal_detector.X/metal_detector.asm
                 isr_exit   0x000023    program     static /home/jacques/github/metal_detector/metal_detector.X/metal_detector.asm
                     init   0x000028    program     static /home/jacques/github/metal_detector/metal_detector.X/metal_detector.asm
                clear_ram   0x00002a    program     static /home/jacques/github/metal_detector/metal_detector.X/metal_detector.asm
             _.org_1_0041   0x000041    program     static /home/jacques/github/metal_detector/metal_detector.X/metal_detector.asm
                     last   0x000040       data     static /home/jacques/github/metal_detector/metal_detector.X/metal_detector.asm
                      run   0x000041       data     static /home/jacques/github/metal_detector/metal_detector.X/metal_detector.asm
                    slope   0x000042       data     static /home/jacques/github/metal_detector/metal_detector.X/metal_detector.asm
                     temp   0x000043       data     static /home/jacques/github/metal_detector/metal_detector.X/metal_detector.asm
                   w_temp   0x000044       data     static /home/jacques/github/metal_detector/metal_detector.X/metal_detector.asm
                   s_temp   0x000045       data     static /home/jacques/github/metal_detector/metal_detector.X/metal_detector.asm


